// Jest Snapshot v1, https://goo.gl/fbAQLP

exports[`<SearchSuggest /> should render 1`] = `
<div>
  <div
    class="search-suggest dropdown-menu shadow dropdown-menu-light dropdown-menu-left show"
    data-testid="search-suggest"
  >
    <div
      class="d-flex justify-content-between align-items-center dropdown-header"
      data-testid="search-suggest-header"
    >
      Recent Searches
       
      <div
        class="ms-1 text-danger cursor-pointer text-capitalize"
        data-testid="search-suggest-clear"
      >
        Clear All
      </div>
    </div>
    <div
      class="d-flex justify-content-between align-items-center text-body dropdown-item cursor-pointer"
      data-testid="search-suggest-item"
    >
      <div>
        <strong
          class="text-gray-900"
        >
          T
        </strong>
        wo
      </div>
      <svg
        class="ms-1 icon cursor-pointer"
        data-testid="search-suggest-remove"
        height="1em"
        style="fill: currentColor;"
        viewBox="0 0 24 24"
        width="1em"
      >
        <path
          d="M17.85 16.44a.5003.5003 0 010 .71l-.7.7a.5003.5003 0 01-.71 0L12 13.41l-4.44 4.44a.5002.5002 0 01-.71 0l-.7-.7a.5.5 0 010-.71L10.59 12 6.15 7.56a.5.5 0 010-.71l.7-.7a.5.5 0 01.71 0L12 10.59l4.44-4.44a.5.5 0 01.71 0l.7.7a.5003.5003 0 010 .71L13.41 12l4.44 4.44z"
        />
      </svg>
    </div>
    <div
      class="d-flex justify-content-between align-items-center text-body dropdown-item cursor-pointer"
      data-testid="search-suggest-item"
    >
      <div>
        <strong
          class="text-gray-900"
        >
          T
        </strong>
        hree
      </div>
      <svg
        class="ms-1 icon cursor-pointer"
        data-testid="search-suggest-remove"
        height="1em"
        style="fill: currentColor;"
        viewBox="0 0 24 24"
        width="1em"
      >
        <path
          d="M17.85 16.44a.5003.5003 0 010 .71l-.7.7a.5003.5003 0 01-.71 0L12 13.41l-4.44 4.44a.5002.5002 0 01-.71 0l-.7-.7a.5.5 0 010-.71L10.59 12 6.15 7.56a.5.5 0 010-.71l.7-.7a.5.5 0 01.71 0L12 10.59l4.44-4.44a.5.5 0 01.71 0l.7.7a.5003.5003 0 010 .71L13.41 12l4.44 4.44z"
        />
      </svg>
    </div>
    <div
      class="d-flex justify-content-between align-items-center text-body dropdown-item cursor-pointer"
      data-testid="search-suggest-item"
    >
      <div>
        Eigh
        <strong
          class="text-gray-900"
        >
          t
        </strong>
      </div>
      <svg
        class="ms-1 icon cursor-pointer"
        data-testid="search-suggest-remove"
        height="1em"
        style="fill: currentColor;"
        viewBox="0 0 24 24"
        width="1em"
      >
        <path
          d="M17.85 16.44a.5003.5003 0 010 .71l-.7.7a.5003.5003 0 01-.71 0L12 13.41l-4.44 4.44a.5002.5002 0 01-.71 0l-.7-.7a.5.5 0 010-.71L10.59 12 6.15 7.56a.5.5 0 010-.71l.7-.7a.5.5 0 01.71 0L12 10.59l4.44-4.44a.5.5 0 01.71 0l.7.7a.5003.5003 0 010 .71L13.41 12l4.44 4.44z"
        />
      </svg>
    </div>
    <div
      class="d-flex justify-content-between align-items-center text-body dropdown-item cursor-pointer"
      data-testid="search-suggest-item"
    >
      <div>
        <strong
          class="text-gray-900"
        >
          T
        </strong>
        en
      </div>
      <svg
        class="ms-1 icon cursor-pointer"
        data-testid="search-suggest-remove"
        height="1em"
        style="fill: currentColor;"
        viewBox="0 0 24 24"
        width="1em"
      >
        <path
          d="M17.85 16.44a.5003.5003 0 010 .71l-.7.7a.5003.5003 0 01-.71 0L12 13.41l-4.44 4.44a.5002.5002 0 01-.71 0l-.7-.7a.5.5 0 010-.71L10.59 12 6.15 7.56a.5.5 0 010-.71l.7-.7a.5.5 0 01.71 0L12 10.59l4.44-4.44a.5.5 0 01.71 0l.7.7a.5003.5003 0 010 .71L13.41 12l4.44 4.44z"
        />
      </svg>
    </div>
    <div
      class="d-flex justify-content-between align-items-center text-body dropdown-item cursor-pointer"
      data-testid="search-suggest-item"
    >
      <div>
        <strong
          class="text-gray-900"
        >
          T
        </strong>
        welve
      </div>
      <svg
        class="ms-1 icon cursor-pointer"
        data-testid="search-suggest-remove"
        height="1em"
        style="fill: currentColor;"
        viewBox="0 0 24 24"
        width="1em"
      >
        <path
          d="M17.85 16.44a.5003.5003 0 010 .71l-.7.7a.5003.5003 0 01-.71 0L12 13.41l-4.44 4.44a.5002.5002 0 01-.71 0l-.7-.7a.5.5 0 010-.71L10.59 12 6.15 7.56a.5.5 0 010-.71l.7-.7a.5.5 0 01.71 0L12 10.59l4.44-4.44a.5.5 0 01.71 0l.7.7a.5003.5003 0 010 .71L13.41 12l4.44 4.44z"
        />
      </svg>
    </div>
  </div>
</div>
`;
