// Jest Snapshot v1, https://goo.gl/fbAQLP

exports[`<PostCardGhost /> should render 1`] = `
<Card
  className="post-card-ghost shadow border-0"
>
  <div
    className="d-flex align-items-center px-2 pt-2 pb-0"
  >
    <div
      className="ghost rounded-circle mr-2 mb-0"
      style={
        Object {
          "height": "40px",
          "width": "40px",
        }
      }
    />
    <div
      className="flex-fill"
    >
      <div
        className="ghost w-50"
      />
      <div
        className="ghost ghost-sm w-25"
      />
      <div
        className="ghost ghost-sm w-25 mb-0"
      />
    </div>
  </div>
  <div
    className="p-2"
  >
    <div
      className="ghost"
    />
    <div
      className="ghost"
    />
    <div
      className="ghost"
    />
    <div
      className="ghost"
    />
    <div
      className="ghost mb-0"
    />
  </div>
  <div>
    <div
      className="ghost ghost-lg mb-0"
      style={
        Object {
          "height": "164px",
        }
      }
    />
  </div>
  <div
    className="d-flex justify-content-between m-2"
  >
    <div
      className="ghost w-50 mb-0"
    />
    <div
      className="ghost w-25 mb-0"
    />
  </div>
</Card>
`;
