// Jest Snapshot v1, https://goo.gl/fbAQLP

exports[`<PostCardGhost /> should render 1`] = `
<div>
  <div
    class="post-card-ghost bg-gray-200 border-0 overflow-hidden card"
  >
    <div
      class="d-flex align-items-top px-3 pt-3 pb-0"
    >
      <div
        class="ghost rounded-circle me-3 mb-0"
        style="width: 35px; height: 35px;"
      />
      <div
        class="flex-fill"
      >
        <div
          class="ghost ghost-lg w-75"
        />
        <div
          class="ghost w-50"
        />
        <div
          class="ghost w-50 mb-0"
        />
      </div>
      <div
        class="ghost rounded-sm"
        style="width: 26px; height: 26px;"
      />
    </div>
    <div
      class="p-3"
    >
      <div
        class="ghost ghost-sm"
      />
      <div
        class="ghost ghost-sm"
      />
      <div
        class="ghost ghost-sm"
      />
      <div
        class="ghost ghost-sm"
      />
      <div
        class="ghost ghost-sm mb-0 w-75"
      />
    </div>
    <div
      class="ghost mb-0"
      style="height: 164px;"
    />
  </div>
</div>
`;
