// Jest Snapshot v1, https://goo.gl/fbAQLP

exports[`<Avatar /> should render 1`] = `
<div
  className="avatar avatar-provider-md"
>
  <div
    className="avatar-inner"
  >
    <div
      className="avatar-image"
      style={
        Object {
          "backgroundImage": "url(https://randomuser.me/api/portraits/women/47.jpg)",
        }
      }
    />
    <div
      className="avatar-provider avatar-provider-twitter"
    >
      <Icon
        color="#ffffff"
        name="twitter"
      />
    </div>
  </div>
</div>
`;
