// Jest Snapshot v1, https://goo.gl/fbAQLP

exports[`<DropdownMenu /> should render 1`] = `
<div
  className="dropdown-menu dropdown-menu-light dropdown-menu-left"
  onClick={[Function]}
>
  <DropdownItem
    icon="edit"
    key="0"
    label="Edit"
    onClick={[MockFunction]}
  />
  <DropdownItem
    icon="delete"
    key="1"
    label="Delete"
    onClick={[MockFunction]}
  />
  <div
    className="dropdown-footer"
  >
    Test
  </div>
</div>
`;
