// Jest Snapshot v1, https://goo.gl/fbAQLP

exports[`<ProgressAlt /> should render 1`] = `
<div
  className="bg-gray-300 rounded d-flex"
  data-test-id="progress"
  style={
    Object {
      "fontSize": "0.75rem",
      "height": "16px",
    }
  }
>
  <div
    aria-valuemax={100}
    aria-valuemin={0}
    aria-valuenow={0}
    className="position-relative rounded bg-gradient-primary-45 bg-primary"
    data-test-id="progress-bar"
    role="progressbar"
    style={
      Object {
        "width": "0%",
      }
    }
  >
    <span
      className="fw-bold justify-content-end"
    >
      <div
        className="bg-gradient-primary-45 position-absolute rounded-3 d-flex justify-content-center align-items-center text-white px-2 h6 fw-normal"
        style={
          Object {
            "backgroundImage": "linear-gradient($start-color, $mid-color $color-stop, $end-color)",
            "height": "24px",
            "right": 0,
            "top": "-4px",
          }
        }
      >
        0%
      </div>
    </span>
  </div>
</div>
`;
