// Jest Snapshot v1, https://goo.gl/fbAQLP

exports[`<ProgressAlt /> should render 1`] = `
<div>
  <div
    class="bg-gray-300 rounded d-flex me-2"
    data-testid="progress"
    style="height: 16px; font-size: 0.75rem;"
  >
    <div
      aria-valuemax="100"
      aria-valuemin="0"
      aria-valuenow="0"
      class="position-relative rounded bg-gradient-primary-45 bg-primary"
      data-testid="progress-bar"
      role="progressbar"
      style="width: 0%;"
    >
      <span
        class="fw-bold justify-content-end"
      >
        <div
          class="bg-gradient-primary-45 position-absolute rounded-3 d-flex justify-content-center align-items-center text-white px-2 h6 fw-normal"
          style="height: 24px; top: -4px; transform: translateX(-50%); left: 100%;"
        >
          0%
        </div>
      </span>
    </div>
  </div>
</div>
`;
