// Jest Snapshot v1, https://goo.gl/fbAQLP

exports[`<CampaignCard /> should render 1`] = `
<div>
  <div
    class="campaign-card card rounded-lg shadow text-decoration-none h-100"
    data-testid="campaign-card"
  >
    <div
      class="campaign-card-cover"
      data-testid="campaign-card-cover"
      style="background-image: url(http://lorempixel.com/640/480);"
    />
    <div
      class="px-3 pt-2 pb-3 h-100 d-flex flex-column justify-content-between"
    >
      <div
        class="h5"
        data-testid="campaign-card-title"
      >
        THX distributed
      </div>
      <div
        class="text-xs text-primary"
        data-testid="campaign-card-state"
      >
        Live
      </div>
    </div>
  </div>
</div>
`;
