// Jest Snapshot v1, https://goo.gl/fbAQLP

exports[`<PostCard /> should render 1`] = `
<Card
  className="post-card"
>
  <div
    className="post-card__header"
  >
    <div
      style={
        Object {
          "height": "35px",
          "minHeight": "35px",
          "minWidth": "35px",
          "width": "35px",
        }
      }
    >
      <Avatar
        url="http://foo.com/avatar.jpg"
      />
    </div>
    <div
      className="mx-1"
      style={
        Object {
          "height": "68px",
          "minWidth": 0,
        }
      }
    >
      <h1
        className="post-card__title"
      >
        Hope For Children
      </h1>
      <div
        className="post-card__date"
      >
        22 Aug - 14:34
      </div>
      <Badge
        className="campaign-tag"
        color="#ff0000"
      >
        Campaign
      </Badge>
    </div>
  </div>
  <Dotdotdot
    clamp={5}
    className="post-card__content"
    tagName="div"
    truncationChar="…"
    useNativeClamp={true}
  >
    <div
      dangerouslySetInnerHTML={
        Object {
          "__html": "Buttle UK helped more than 3,000 vulnerable families buy beds for their children last year. It fears thousands more across the UK may lack a bed of their own, leading to problems concentrating in school. The government said its welfare reforms were \\"supporting those who need it most\\".",
        }
      }
    />
  </Dotdotdot>
  <div
    className="post-card__media"
  />
  <div
    className="post-card__metrics"
  >
    <div
      className="post-card__metric"
      key="likes"
    >
      <span>
        10
      </span>
       
      likes
    </div>
    <div
      className="post-card__metric"
      key="shares"
    >
      <span>
        5
      </span>
       
      shares
    </div>
  </div>
  <div
    className="post-card__inspiration-actions"
  >
    <Icon
      className="cursor-pointer"
      hoverColor="#343a40"
      key="0"
      name="follow"
      onClick={[MockFunction]}
    />
    <Icon
      className="cursor-pointer"
      color="#f25270"
      hoverColor="#f25270"
      key="1"
      name="like"
      onClick={[MockFunction]}
    />
  </div>
</Card>
`;
