// Jest Snapshot v1, https://goo.gl/fbAQLP

exports[`<Collapse /> should render 1`] = `
<div>
  <div
    class=""
  >
    <div
      class="collapse-toggle h6 mb-0 cursor-pointer d-flex justify-content-between align-items-center"
      data-testid="collapse-toggle"
    >
      Click me
       
      <svg
        class="icon icon-gray-600 active"
        height="1em"
        viewBox="0 0 24 24"
        width="1em"
      >
        <path
          d="M12.72 15.78a.7501.7501 0 01-.53.22h-.38a.7699.7699 0 01-.53-.22l-5.13-5.14a.5.5 0 010-.71l.71-.71a.49.49 0 01.7 0L12 13.67l4.44-4.45a.5.5 0 01.71 0l.7.71a.5004.5004 0 010 .71l-5.13 5.14z"
        />
      </svg>
    </div>
  </div>
</div>
`;
