// Jest Snapshot v1, https://goo.gl/fbAQLP

exports[`<FormPasswordInput /> should render 1`] = `
<div
  className="form-password-input input-group"
>
  <input
    className="form-control"
    data-test-id="password-input"
    name="password"
    onBlur={[MockFunction]}
    onChange={[MockFunction]}
    type="password"
    value="Some value"
  />
  <div
    className="input-group-append"
  >
    <Button
      data-test-id="password-input-button"
      icon="preview"
      isOutline={true}
      onClick={[Function]}
      theme="gray-600"
    >
      <span
        className="form-password-input__toggle-password-text"
      >
        Show
      </span>
    </Button>
  </div>
</div>
`;
