// Jest Snapshot v1, https://goo.gl/fbAQLP

exports[`<FormPasswordInput /> should render 1`] = `
<div>
  <div
    class="form-password-input input-group"
  >
    <input
      class="form-control form-control"
      data-testid="password-input"
      name="password"
      type="password"
      value="Some value"
    />
    <button
      class="btn btn-outline-gradient-gray-600 btn-outline-gray-600 btn-icon-left"
      data-testid="password-input-button"
      type="button"
    >
      <span>
        <span
          class="form-password-input__toggle-password-text"
        >
          Show
        </span>
        <svg
          class="icon icon-gray-600"
          height="1em"
          viewBox="0 0 24 24"
          width="1em"
        >
          <path
            d="M21.9878 11.7c-1.6296-4.0835-5.5997-6.7452-9.9939-6.7-4.3649-.0253-8.3028 2.6188-9.934 6.67A1.0005 1.0005 0 002 12a.8104.8104 0 00.06.31c1.6248 4.0591 5.564 6.712 9.9339 6.69 4.3649.0252 8.3028-2.6188 9.934-6.67a.8106.8106 0 00.0599-.33.9264.9264 0 000-.3zM11.9939 15c-1.6558 0-2.9982-1.3432-2.9982-3 0-1.6569 1.3424-3 2.9982-3 1.6559 0 2.9982 1.3431 2.9982 3a3.0009 3.0009 0 01-.8782 2.1213 2.997 2.997 0 01-2.12.8787z"
          />
        </svg>
      </span>
    </button>
  </div>
</div>
`;
