// Jest Snapshot v1, https://goo.gl/fbAQLP

exports[`<Step /> should render 1`] = `
<div
  className="d-flex align-items-center mb-2 mb-sm-0 flex-fill"
>
  <div
    className="stepper__value border rounded-circle d-flex align-items-center justify-content-center mr-1 text-xs bg-primary text-white border-primary"
  >
    <b>
      2
    </b>
  </div>
  <div
    className="mr-1 font-weight-bold text-primary"
  >
    step one
  </div>
  <div
    className="d-none d-sm-block mr-1 flex-fill border-top border-gray-400"
  />
</div>
`;
