// Jest Snapshot v1, https://goo.gl/fbAQLP

exports[`<MediaThumbnail /> should render 1`] = `
<div
  className="media-thumbnail cursor-pointer"
  data-test-id="media-thumbnail"
  onClick={[Function]}
>
  <div
    className="media-thumbnail-inner d-flex justify-content-center overflow-hidden align-items-center bg-gray-300 rounded-sm"
  >
    <img
      alt="Checking Sausages invoice"
      className="mw-100 mh-100"
      src="http://placeimg.com/640/480"
    />
  </div>
  <FormGroup
    className="media-thumbnail-checkbox-group"
    isCheck={true}
  >
    <FormInput
      id="media-thumbnail-checkbox"
      type="checkbox"
    />
    <FormLabel
      htmlFor="media-thumbnail-checkbox"
      isCheck={true}
    >
       
    </FormLabel>
  </FormGroup>
</div>
`;
