// Jest Snapshot v1, https://goo.gl/fbAQLP

exports[`<FormSelect /> should render 1`] = `
<StateManager
  className="form-select"
  classNamePrefix="form-select"
  components={
    Object {
      "ClearIndicator": [Function],
      "DropdownIndicator": [Function],
      "MultiValue": [Function],
      "Option": [Function],
    }
  }
  defaultInputValue=""
  defaultMenuIsOpen={false}
  defaultValue={null}
  styles={
    Object {
      "clearIndicator": [Function],
      "container": [Function],
      "control": [Function],
      "dropdownIndicator": [Function],
      "indicatorSeparator": [Function],
      "indicatorsContainer": [Function],
      "input": [Function],
      "menu": [Function],
      "menuList": [Function],
      "multiValue": [Function],
      "multiValueLabel": [Function],
      "multiValueRemove": [Function],
      "noOptionsMessage": [Function],
      "option": [Function],
      "placeholder": [Function],
      "singleValue": [Function],
      "valueContainer": [Function],
    }
  }
/>
`;
