// Jest Snapshot v1, https://goo.gl/fbAQLP

exports[`<PostHeader /> should render 1`] = `
<div
  className="post-header d-flex mt-2 mr-2 mb-1 ml-2"
>
  <div
    style={
      Object {
        "height": "35px",
        "width": "35px",
      }
    }
  >
    <Avatar />
  </div>
  <div
    className="mx-1"
  >
    <h1
      className="h5"
    >
      Hope For Children
    </h1>
    <div
      className="post-date small text-uppercase"
    >
      22 Aug at 14:34
    </div>
    <Badge
      className="campaign-tag"
      color="#ff0000"
    >
      Campaign
    </Badge>
  </div>
</div>
`;
